Archive member included because of file (symbol)

/usr/lib64/libc_nonshared.a(elf-init.oS)
                              /usr/lib/gcc/x86_64-redhat-linux/4.8.2/../../../../lib64/crt1.o (__libc_csu_init)

Allocating common symbols
Common symbol       size              file

local_display_mem   0x8               ./obj/gif_display.o

Discarded input sections

 .note.GNU-stack
                0x0000000000000000        0x0 /usr/lib/gcc/x86_64-redhat-linux/4.8.2/../../../../lib64/crt1.o
 .note.GNU-stack
                0x0000000000000000        0x0 /usr/lib/gcc/x86_64-redhat-linux/4.8.2/../../../../lib64/crti.o
 .note.GNU-stack
                0x0000000000000000        0x0 /usr/lib/gcc/x86_64-redhat-linux/4.8.2/crtbegin.o
 .note.GNU-stack
                0x0000000000000000        0x0 ./obj/x86_main.o
 .note.GNU-stack
                0x0000000000000000        0x0 ./obj/gif_read.o
 .note.GNU-stack
                0x0000000000000000        0x0 ./obj/sysm.o
 .note.GNU-stack
                0x0000000000000000        0x0 ./obj/gif_display.o
 .note.GNU-stack
                0x0000000000000000        0x0 ./obj/gif_lzw.o
 .note.GNU-stack
                0x0000000000000000        0x0 /usr/lib64/libc_nonshared.a(elf-init.oS)
 .note.GNU-stack
                0x0000000000000000        0x0 /usr/lib/gcc/x86_64-redhat-linux/4.8.2/crtend.o
 .note.GNU-stack
                0x0000000000000000        0x0 /usr/lib/gcc/x86_64-redhat-linux/4.8.2/../../../../lib64/crtn.o

Memory Configuration

Name             Origin             Length             Attributes
*default*        0x0000000000000000 0xffffffffffffffff

Linker script and memory map

LOAD /usr/lib/gcc/x86_64-redhat-linux/4.8.2/../../../../lib64/crt1.o
LOAD /usr/lib/gcc/x86_64-redhat-linux/4.8.2/../../../../lib64/crti.o
LOAD /usr/lib/gcc/x86_64-redhat-linux/4.8.2/crtbegin.o
LOAD ./obj/x86_main.o
LOAD ./obj/gif_read.o
LOAD ./obj/sysm.o
LOAD ./obj/gif_display.o
LOAD ./obj/gif_lzw.o
LOAD /usr/lib/gcc/x86_64-redhat-linux/4.8.2/../../../../lib64/libm.so
LOAD /usr/lib/gcc/x86_64-redhat-linux/4.8.2/../../../../lib64/libc.so
START GROUP
LOAD /lib64/libc.so.6
LOAD /usr/lib64/libc_nonshared.a
LOAD /lib64/ld-linux-x86-64.so.2
END GROUP
LOAD /usr/lib/gcc/x86_64-redhat-linux/4.8.2/libgcc.a
LOAD /usr/lib/gcc/x86_64-redhat-linux/4.8.2/libgcc_s.so
LOAD /usr/lib/gcc/x86_64-redhat-linux/4.8.2/../../../../lib64/libc.so
START GROUP
LOAD /lib64/libc.so.6
LOAD /usr/lib64/libc_nonshared.a
LOAD /lib64/ld-linux-x86-64.so.2
END GROUP
LOAD /usr/lib/gcc/x86_64-redhat-linux/4.8.2/libgcc.a
LOAD /usr/lib/gcc/x86_64-redhat-linux/4.8.2/libgcc_s.so
LOAD /usr/lib/gcc/x86_64-redhat-linux/4.8.2/crtend.o
LOAD /usr/lib/gcc/x86_64-redhat-linux/4.8.2/../../../../lib64/crtn.o
                0x0000000000400000                PROVIDE (__executable_start, 0x400000)
                0x0000000000400238                . = (0x400000 + SIZEOF_HEADERS)

.interp         0x0000000000400238       0x1c
 *(.interp)
 .interp        0x0000000000400238       0x1c /usr/lib/gcc/x86_64-redhat-linux/4.8.2/../../../../lib64/crt1.o

.note.ABI-tag   0x0000000000400254       0x20
 .note.ABI-tag  0x0000000000400254       0x20 /usr/lib/gcc/x86_64-redhat-linux/4.8.2/../../../../lib64/crt1.o

.note.gnu.build-id
                0x0000000000400274       0x24
 *(.note.gnu.build-id)
 .note.gnu.build-id
                0x0000000000400274       0x24 /usr/lib/gcc/x86_64-redhat-linux/4.8.2/../../../../lib64/crt1.o

.hash
 *(.hash)

.gnu.hash       0x0000000000400298       0x1c
 *(.gnu.hash)
 .gnu.hash      0x0000000000400298       0x1c /usr/lib/gcc/x86_64-redhat-linux/4.8.2/../../../../lib64/crt1.o

.dynsym         0x00000000004002b8      0x270
 *(.dynsym)
 .dynsym        0x00000000004002b8      0x270 /usr/lib/gcc/x86_64-redhat-linux/4.8.2/../../../../lib64/crt1.o

.dynstr         0x0000000000400528      0x10e
 *(.dynstr)
 .dynstr        0x0000000000400528      0x10e /usr/lib/gcc/x86_64-redhat-linux/4.8.2/../../../../lib64/crt1.o

.gnu.version    0x0000000000400636       0x34
 *(.gnu.version)
 .gnu.version   0x0000000000400636       0x34 /usr/lib/gcc/x86_64-redhat-linux/4.8.2/../../../../lib64/crt1.o

.gnu.version_d  0x0000000000400670        0x0
 *(.gnu.version_d)
 .gnu.version_d
                0x0000000000000000        0x0 /usr/lib/gcc/x86_64-redhat-linux/4.8.2/../../../../lib64/crt1.o

.gnu.version_r  0x0000000000400670       0x50
 *(.gnu.version_r)
 .gnu.version_r
                0x0000000000400670       0x50 /usr/lib/gcc/x86_64-redhat-linux/4.8.2/../../../../lib64/crt1.o

.rela.dyn       0x00000000004006c0       0x18
 *(.rela.init)
 *(.rela.text .rela.text.* .rela.gnu.linkonce.t.*)
 .rela.text     0x0000000000000000        0x0 /usr/lib/gcc/x86_64-redhat-linux/4.8.2/../../../../lib64/crt1.o
 *(.rela.fini)
 *(.rela.rodata .rela.rodata.* .rela.gnu.linkonce.r.*)
 *(.rela.data .rela.data.* .rela.gnu.linkonce.d.*)
 *(.rela.tdata .rela.tdata.* .rela.gnu.linkonce.td.*)
 *(.rela.tbss .rela.tbss.* .rela.gnu.linkonce.tb.*)
 *(.rela.ctors)
 *(.rela.dtors)
 *(.rela.got)
 .rela.got      0x00000000004006c0       0x18 /usr/lib/gcc/x86_64-redhat-linux/4.8.2/../../../../lib64/crt1.o
 *(.rela.sharable_data .rela.sharable_data.* .rela.gnu.linkonce.shrd.*)
 *(.rela.sharable_bss .rela.sharable_bss.* .rela.gnu.linkonce.shrb.*)
 .rela.sharable_bss
                0x0000000000000000        0x0 /usr/lib/gcc/x86_64-redhat-linux/4.8.2/../../../../lib64/crt1.o
 *(.rela.bss .rela.bss.* .rela.gnu.linkonce.b.*)
 .rela.bss      0x0000000000000000        0x0 /usr/lib/gcc/x86_64-redhat-linux/4.8.2/../../../../lib64/crt1.o
 *(.rela.ldata .rela.ldata.* .rela.gnu.linkonce.l.*)
 *(.rela.lbss .rela.lbss.* .rela.gnu.linkonce.lb.*)
 *(.rela.lrodata .rela.lrodata.* .rela.gnu.linkonce.lr.*)
 *(.rela.ifunc)

.rela.plt       0x00000000004006d8      0x210
 *(.rela.plt)
 .rela.plt      0x00000000004006d8      0x210 /usr/lib/gcc/x86_64-redhat-linux/4.8.2/../../../../lib64/crt1.o
                0x00000000004008e8                PROVIDE (__rela_iplt_start, .)
 *(.rela.iplt)
 .rela.iplt     0x0000000000000000        0x0 /usr/lib/gcc/x86_64-redhat-linux/4.8.2/../../../../lib64/crt1.o
                0x00000000004008e8                PROVIDE (__rela_iplt_end, .)

.init           0x00000000004008e8       0x1a
 *(SORT(.init))
 .init          0x00000000004008e8       0x15 /usr/lib/gcc/x86_64-redhat-linux/4.8.2/../../../../lib64/crti.o
                0x00000000004008e8                _init
 .init          0x00000000004008fd        0x5 /usr/lib/gcc/x86_64-redhat-linux/4.8.2/../../../../lib64/crtn.o

.plt            0x0000000000400910      0x170
 *(.plt)
 .plt           0x0000000000400910      0x170 /usr/lib/gcc/x86_64-redhat-linux/4.8.2/../../../../lib64/crt1.o
                0x0000000000400920                free@@GLIBC_2.2.5
                0x0000000000400930                strncmp@@GLIBC_2.2.5
                0x0000000000400940                strcpy@@GLIBC_2.2.5
                0x0000000000400950                puts@@GLIBC_2.2.5
                0x0000000000400960                fread@@GLIBC_2.2.5
                0x0000000000400970                fclose@@GLIBC_2.2.5
                0x0000000000400980                mmap@@GLIBC_2.2.5
                0x0000000000400990                printf@@GLIBC_2.2.5
                0x00000000004009a0                memset@@GLIBC_2.2.5
                0x00000000004009b0                pow@@GLIBC_2.2.5
                0x00000000004009c0                ioctl@@GLIBC_2.2.5
                0x00000000004009d0                __libc_start_main@@GLIBC_2.2.5
                0x00000000004009f0                memcpy@@GLIBC_2.14
                0x0000000000400a00                malloc@@GLIBC_2.2.5
                0x0000000000400a10                realloc@@GLIBC_2.2.5
                0x0000000000400a20                open@@GLIBC_2.2.5
                0x0000000000400a30                fopen@@GLIBC_2.2.5
                0x0000000000400a40                perror@@GLIBC_2.2.5
                0x0000000000400a50                atoi@@GLIBC_2.2.5
                0x0000000000400a60                exit@@GLIBC_2.2.5
                0x0000000000400a70                usleep@@GLIBC_2.2.5
 *(.iplt)
 .iplt          0x0000000000000000        0x0 /usr/lib/gcc/x86_64-redhat-linux/4.8.2/../../../../lib64/crt1.o

.text           0x0000000000400a80     0x21f4
 *(.text.unlikely .text.*_unlikely)
 *(.text.exit .text.exit.*)
 *(.text.startup .text.startup.*)
 *(.text.hot .text.hot.*)
 *(.text .stub .text.* .gnu.linkonce.t.*)
 .text          0x0000000000400a80       0x2c /usr/lib/gcc/x86_64-redhat-linux/4.8.2/../../../../lib64/crt1.o
                0x0000000000400a80                _start
 .text          0x0000000000400aac        0x0 /usr/lib/gcc/x86_64-redhat-linux/4.8.2/../../../../lib64/crti.o
 *fill*         0x0000000000400aac        0x4 
 .text          0x0000000000400ab0       0xbd /usr/lib/gcc/x86_64-redhat-linux/4.8.2/crtbegin.o
 *fill*         0x0000000000400b6d        0x3 
 .text          0x0000000000400b70       0x2a ./obj/x86_main.o
                0x0000000000400b70                main
 *fill*         0x0000000000400b9a        0x2 
 .text          0x0000000000400b9c     0x113f ./obj/gif_read.o
                0x0000000000400b9c                Gif_Read
 *fill*         0x0000000000401cdb        0x1 
 .text          0x0000000000401cdc       0x18 ./obj/sysm.o
                0x0000000000401cdc                create_memory
 .text          0x0000000000401cf4      0x4a1 ./obj/gif_display.o
                0x0000000000401cf4                display_init
                0x0000000000401e54                Display
 *fill*         0x0000000000402195        0x3 
 .text          0x0000000000402198      0xa5d ./obj/gif_lzw.o
                0x0000000000402198                Lzw_Decode
 *fill*         0x0000000000402bf5        0xb 
 .text          0x0000000000402c00       0x72 /usr/lib64/libc_nonshared.a(elf-init.oS)
                0x0000000000402c00                __libc_csu_init
                0x0000000000402c70                __libc_csu_fini
 *fill*         0x0000000000402c72        0x2 
 .text          0x0000000000402c74        0x0 /usr/lib/gcc/x86_64-redhat-linux/4.8.2/crtend.o
 .text          0x0000000000402c74        0x0 /usr/lib/gcc/x86_64-redhat-linux/4.8.2/../../../../lib64/crtn.o
 *(.gnu.warning)

.fini           0x0000000000402c74        0x9
 *(SORT(.fini))
 .fini          0x0000000000402c74        0x4 /usr/lib/gcc/x86_64-redhat-linux/4.8.2/../../../../lib64/crti.o
                0x0000000000402c74                _fini
 .fini          0x0000000000402c78        0x5 /usr/lib/gcc/x86_64-redhat-linux/4.8.2/../../../../lib64/crtn.o
                0x0000000000402c7d                PROVIDE (__etext, .)
                0x0000000000402c7d                PROVIDE (_etext, .)
                0x0000000000402c7d                PROVIDE (etext, .)

.rodata         0x0000000000402c80      0x157
 *(.rodata .rodata.* .gnu.linkonce.r.*)
 .rodata.cst4   0x0000000000402c80        0x4 /usr/lib/gcc/x86_64-redhat-linux/4.8.2/../../../../lib64/crt1.o
                0x0000000000402c80                _IO_stdin_used
 *fill*         0x0000000000402c84        0x4 
 .rodata        0x0000000000402c88        0x8 /usr/lib/gcc/x86_64-redhat-linux/4.8.2/crtbegin.o
                0x0000000000402c88                __dso_handle
 .rodata        0x0000000000402c90       0x56 ./obj/gif_read.o
 *fill*         0x0000000000402ce6        0x2 
 .rodata        0x0000000000402ce8       0xe2 ./obj/gif_display.o
 .rodata        0x0000000000402dca        0xd ./obj/gif_lzw.o

.rodata1
 *(.rodata1)

.eh_frame_hdr   0x0000000000402dd8       0xc4
 *(.eh_frame_hdr)
 .eh_frame_hdr  0x0000000000402dd8       0xc4 /usr/lib/gcc/x86_64-redhat-linux/4.8.2/../../../../lib64/crt1.o

.eh_frame       0x0000000000402ea0      0x33c
 *(.eh_frame)
 .eh_frame      0x0000000000402ea0       0x30 /usr/lib/gcc/x86_64-redhat-linux/4.8.2/../../../../lib64/crt1.o
 .eh_frame      0x0000000000402ed0       0x40 /usr/lib/gcc/x86_64-redhat-linux/4.8.2/../../../../lib64/crt1.o
 .eh_frame      0x0000000000402f10       0x20 ./obj/x86_main.o
                                         0x38 (size before relaxing)
 .eh_frame      0x0000000000402f30      0x100 ./obj/gif_read.o
                                        0x118 (size before relaxing)
 .eh_frame      0x0000000000403030       0x20 ./obj/sysm.o
                                         0x38 (size before relaxing)
 .eh_frame      0x0000000000403050       0x80 ./obj/gif_display.o
                                         0x98 (size before relaxing)
 .eh_frame      0x00000000004030d0       0xa8 ./obj/gif_lzw.o
                                         0xc0 (size before relaxing)
 .eh_frame      0x0000000000403178       0x60 /usr/lib64/libc_nonshared.a(elf-init.oS)
                                         0x78 (size before relaxing)
 .eh_frame      0x00000000004031d8        0x4 /usr/lib/gcc/x86_64-redhat-linux/4.8.2/crtend.o

.gcc_except_table
 *(.gcc_except_table .gcc_except_table.*)

.exception_ranges
 *(.exception_ranges .exception_ranges*)
                0x00000000004031dc                . = (ALIGN (0x200000) - ((0x200000 - .) & 0x1fffff))
                0x0000000000603dfc                . = DATA_SEGMENT_ALIGN (0x200000, 0x1000)

.eh_frame
 *(.eh_frame)

.gcc_except_table
 *(.gcc_except_table .gcc_except_table.*)

.exception_ranges
 *(.exception_ranges .exception_ranges*)

.tdata
 *(.tdata .tdata.* .gnu.linkonce.td.*)

.tbss
 *(.tbss .tbss.* .gnu.linkonce.tb.*)
 *(.tcommon)

.preinit_array  0x0000000000603dfc        0x0
                0x0000000000603dfc                PROVIDE (__preinit_array_start, .)
 *(.preinit_array)
                0x0000000000603dfc                PROVIDE (__preinit_array_end, .)

.init_array     0x0000000000603e00        0x8
                0x0000000000603e00                PROVIDE (__init_array_start, .)
 *(SORT(.init_array.*) SORT(.ctors.*))
 *(.init_array EXCLUDE_FILE(*crtend?.o *crtend.o *crtbegin?.o *crtbegin.o) .ctors)
 .init_array    0x0000000000603e00        0x8 /usr/lib/gcc/x86_64-redhat-linux/4.8.2/crtbegin.o
                0x0000000000603e08                PROVIDE (__init_array_end, .)

.fini_array     0x0000000000603e08        0x8
                0x0000000000603e08                PROVIDE (__fini_array_start, .)
 *(SORT(.fini_array.*) SORT(.dtors.*))
 *(.fini_array EXCLUDE_FILE(*crtend?.o *crtend.o *crtbegin?.o *crtbegin.o) .dtors)
 .fini_array    0x0000000000603e08        0x8 /usr/lib/gcc/x86_64-redhat-linux/4.8.2/crtbegin.o
                0x0000000000603e10                PROVIDE (__fini_array_end, .)

.ctors
 *crtbegin.o(.ctors)
 *crtbegin?.o(.ctors)
 *(EXCLUDE_FILE(*crtend?.o *crtend.o) .ctors)
 *(SORT(.ctors.*))
 *(.ctors)

.dtors
 *crtbegin.o(.dtors)
 *crtbegin?.o(.dtors)
 *(EXCLUDE_FILE(*crtend?.o *crtend.o) .dtors)
 *(SORT(.dtors.*))
 *(.dtors)

.jcr            0x0000000000603e10        0x8
 *(.jcr)
 .jcr           0x0000000000603e10        0x0 /usr/lib/gcc/x86_64-redhat-linux/4.8.2/crtbegin.o
 .jcr           0x0000000000603e10        0x8 /usr/lib/gcc/x86_64-redhat-linux/4.8.2/crtend.o

.data.rel.ro
 *(.data.rel.ro.local* .gnu.linkonce.d.rel.ro.local.*)
 *(.data.rel.ro .data.rel.ro.* .gnu.linkonce.d.rel.ro.*)

.dynamic        0x0000000000603e18      0x1e0
 *(.dynamic)
 .dynamic       0x0000000000603e18      0x1e0 /usr/lib/gcc/x86_64-redhat-linux/4.8.2/../../../../lib64/crt1.o
                0x0000000000603e18                _DYNAMIC

.got            0x0000000000603ff8        0x8
 *(.got)
 .got           0x0000000000603ff8        0x8 /usr/lib/gcc/x86_64-redhat-linux/4.8.2/../../../../lib64/crt1.o
 *(.igot)
                0x0000000000604fe8                . = DATA_SEGMENT_RELRO_END (., (SIZEOF (.got.plt) >= 0x18)?0x18:0x0)

.got.plt        0x0000000000604000       0xc8
 *(.got.plt)
 .got.plt       0x0000000000604000       0xc8 /usr/lib/gcc/x86_64-redhat-linux/4.8.2/../../../../lib64/crt1.o
                0x0000000000604000                _GLOBAL_OFFSET_TABLE_
 *(.igot.plt)
 .igot.plt      0x0000000000000000        0x0 /usr/lib/gcc/x86_64-redhat-linux/4.8.2/../../../../lib64/crt1.o

.data           0x00000000006040c8        0x4
 *(.data .data.* .gnu.linkonce.d.*)
 .data          0x00000000006040c8        0x4 /usr/lib/gcc/x86_64-redhat-linux/4.8.2/../../../../lib64/crt1.o
                0x00000000006040c8                data_start
                0x00000000006040c8                __data_start
 .data          0x00000000006040cc        0x0 /usr/lib/gcc/x86_64-redhat-linux/4.8.2/../../../../lib64/crti.o
 .data          0x00000000006040cc        0x0 /usr/lib/gcc/x86_64-redhat-linux/4.8.2/crtbegin.o
 .data          0x00000000006040cc        0x0 ./obj/x86_main.o
 .data          0x00000000006040cc        0x0 ./obj/gif_read.o
 .data          0x00000000006040cc        0x0 ./obj/sysm.o
 .data          0x00000000006040cc        0x0 ./obj/gif_display.o
 .data          0x00000000006040cc        0x0 ./obj/gif_lzw.o
 .data          0x00000000006040cc        0x0 /usr/lib64/libc_nonshared.a(elf-init.oS)
 .data          0x00000000006040cc        0x0 /usr/lib/gcc/x86_64-redhat-linux/4.8.2/crtend.o
 .data          0x00000000006040cc        0x0 /usr/lib/gcc/x86_64-redhat-linux/4.8.2/../../../../lib64/crtn.o

.tm_clone_table
                0x00000000006040d0        0x0
 .tm_clone_table
                0x00000000006040d0        0x0 /usr/lib/gcc/x86_64-redhat-linux/4.8.2/crtbegin.o
 .tm_clone_table
                0x00000000006040d0        0x0 /usr/lib/gcc/x86_64-redhat-linux/4.8.2/crtend.o

.data1
 *(.data1)

.sharable_data  0x0000000000800000        0x0
                0x0000000000800000                PROVIDE (__sharable_data_start, .)
 *(.sharable_data .sharable_data.* .gnu.linkonce.shrd.*)
                0x0000000000800000                . = ALIGN ((. != 0x0)?0x200000:0x1)
                0x0000000000800000                PROVIDE (__sharable_data_end, .)
                0x0000000000800000                _edata = .
                0x0000000000800000                PROVIDE (edata, .)
                0x0000000000800000                . = .
                0x0000000000800000                __bss_start = .

.bss            0x00000000006040e0      0x190
 *(.dynbss)
 .dynbss        0x0000000000000000        0x0 /usr/lib/gcc/x86_64-redhat-linux/4.8.2/../../../../lib64/crt1.o
 *(.bss .bss.* .gnu.linkonce.b.*)
 .bss           0x00000000006040e0        0x0 /usr/lib/gcc/x86_64-redhat-linux/4.8.2/../../../../lib64/crt1.o
 .bss           0x00000000006040e0        0x0 /usr/lib/gcc/x86_64-redhat-linux/4.8.2/../../../../lib64/crti.o
 .bss           0x00000000006040e0        0x1 /usr/lib/gcc/x86_64-redhat-linux/4.8.2/crtbegin.o
 *fill*         0x00000000006040e1        0x3 
 .bss           0x00000000006040e4        0x0 ./obj/x86_main.o
 *fill*         0x00000000006040e4        0x4 
 .bss           0x00000000006040e8        0x8 ./obj/gif_read.o
 .bss           0x00000000006040f0        0x0 ./obj/sysm.o
 *fill*         0x00000000006040f0       0x10 
 .bss           0x0000000000604100      0x130 ./obj/gif_display.o
 .bss           0x0000000000604230       0x34 ./obj/gif_lzw.o
 .bss           0x0000000000604264        0x0 /usr/lib64/libc_nonshared.a(elf-init.oS)
 .bss           0x0000000000604264        0x0 /usr/lib/gcc/x86_64-redhat-linux/4.8.2/crtend.o
 .bss           0x0000000000604264        0x0 /usr/lib/gcc/x86_64-redhat-linux/4.8.2/../../../../lib64/crtn.o
 *(COMMON)
 *fill*         0x0000000000604264        0x4 
 COMMON         0x0000000000604268        0x8 ./obj/gif_display.o
                0x0000000000604268                local_display_mem
                0x0000000000604270                . = ALIGN ((. != 0x0)?0x8:0x1)

.sharable_bss   0x0000000000800000        0x0
                0x0000000000800000                PROVIDE (__sharable_bss_start, .)
 *(.dynsharablebss)
 .dynsharablebss
                0x0000000000000000        0x0 /usr/lib/gcc/x86_64-redhat-linux/4.8.2/../../../../lib64/crt1.o
 *(.sharable_bss .sharable_bss.* .gnu.linkonce.shrb.*)
 *(SHARABLE_COMMON)
                0x0000000000800000                . = ALIGN ((. != 0x0)?0x200000:0x1)
                0x0000000000800000                PROVIDE (__sharable_bss_end, .)

.lbss
 *(.dynlbss)
 *(.lbss .lbss.* .gnu.linkonce.lb.*)
 *(LARGE_COMMON)
                0x0000000000800000                . = ALIGN (0x8)
                0x0000000000800000                . = SEGMENT_START ("ldata-segment", .)

.lrodata
 *(.lrodata .lrodata.* .gnu.linkonce.lr.*)

.ldata          0x0000000000a04270        0x0
 *(.ldata .ldata.* .gnu.linkonce.l.*)
                0x0000000000a04270                . = ALIGN ((. != 0x0)?0x8:0x1)
                0x0000000000a04270                . = ALIGN (0x8)
                0x0000000000a04270                _end = .
                0x0000000000a04270                PROVIDE (end, .)
                0x0000000000a04270                . = DATA_SEGMENT_END (.)

.stab
 *(.stab)

.stabstr
 *(.stabstr)

.stab.excl
 *(.stab.excl)

.stab.exclstr
 *(.stab.exclstr)

.stab.index
 *(.stab.index)

.stab.indexstr
 *(.stab.indexstr)

.comment        0x0000000000000000       0x58
 *(.comment)
 .comment       0x0000000000000000       0x2c /usr/lib/gcc/x86_64-redhat-linux/4.8.2/../../../../lib64/crt1.o
                                         0x2d (size before relaxing)
 .comment       0x000000000000002c       0x2c /usr/lib/gcc/x86_64-redhat-linux/4.8.2/crtbegin.o
                                         0x2d (size before relaxing)
 .comment       0x0000000000000000       0x2d ./obj/x86_main.o
 .comment       0x0000000000000000       0x2d ./obj/gif_read.o
 .comment       0x0000000000000000       0x2d ./obj/sysm.o
 .comment       0x0000000000000000       0x2d ./obj/gif_display.o
 .comment       0x0000000000000000       0x2d ./obj/gif_lzw.o
 .comment       0x0000000000000000       0x2d /usr/lib64/libc_nonshared.a(elf-init.oS)
 .comment       0x0000000000000000       0x2d /usr/lib/gcc/x86_64-redhat-linux/4.8.2/crtend.o

.debug
 *(.debug)

.line
 *(.line)

.debug_srcinfo
 *(.debug_srcinfo)

.debug_sfnames
 *(.debug_sfnames)

.debug_aranges  0x0000000000000000       0xf0
 *(.debug_aranges)
 .debug_aranges
                0x0000000000000000       0x30 ./obj/x86_main.o
 .debug_aranges
                0x0000000000000030       0x30 ./obj/gif_read.o
 .debug_aranges
                0x0000000000000060       0x30 ./obj/sysm.o
 .debug_aranges
                0x0000000000000090       0x30 ./obj/gif_display.o
 .debug_aranges
                0x00000000000000c0       0x30 ./obj/gif_lzw.o

.debug_pubnames
 *(.debug_pubnames)

.debug_info     0x0000000000000000     0x1770
 *(.debug_info .gnu.linkonce.wi.*)
 .debug_info    0x0000000000000000       0xfe ./obj/x86_main.o
 .debug_info    0x00000000000000fe      0x9a5 ./obj/gif_read.o
 .debug_info    0x0000000000000aa3       0xbe ./obj/sysm.o
 .debug_info    0x0000000000000b61      0x716 ./obj/gif_display.o
 .debug_info    0x0000000000001277      0x4f9 ./obj/gif_lzw.o

.debug_abbrev   0x0000000000000000      0x560
 *(.debug_abbrev)
 .debug_abbrev  0x0000000000000000       0x87 ./obj/x86_main.o
 .debug_abbrev  0x0000000000000087      0x171 ./obj/gif_read.o
 .debug_abbrev  0x00000000000001f8       0x5a ./obj/sysm.o
 .debug_abbrev  0x0000000000000252      0x16c ./obj/gif_display.o
 .debug_abbrev  0x00000000000003be      0x1a2 ./obj/gif_lzw.o

.debug_line     0x0000000000000000      0x5bf
 *(.debug_line)
 .debug_line    0x0000000000000000       0x46 ./obj/x86_main.o
 .debug_line    0x0000000000000046      0x27b ./obj/gif_read.o
 .debug_line    0x00000000000002c1       0x40 ./obj/sysm.o
 .debug_line    0x0000000000000301      0x13d ./obj/gif_display.o
 .debug_line    0x000000000000043e      0x181 ./obj/gif_lzw.o

.debug_frame
 *(.debug_frame)

.debug_str      0x0000000000000000      0xa5d
 *(.debug_str)
 .debug_str     0x0000000000000000      0x10a ./obj/x86_main.o
                                        0x143 (size before relaxing)
 .debug_str     0x000000000000010a      0x5b7 ./obj/gif_read.o
                                        0x728 (size before relaxing)
 .debug_str     0x00000000000006c1       0x19 ./obj/sysm.o
                                        0x12d (size before relaxing)
 .debug_str     0x00000000000006da      0x252 ./obj/gif_display.o
                                        0x517 (size before relaxing)
 .debug_str     0x000000000000092c      0x131 ./obj/gif_lzw.o
                                        0x347 (size before relaxing)

.debug_loc
 *(.debug_loc)

.debug_macinfo
 *(.debug_macinfo)

.debug_weaknames
 *(.debug_weaknames)

.debug_funcnames
 *(.debug_funcnames)

.debug_typenames
 *(.debug_typenames)

.debug_varnames
 *(.debug_varnames)

.debug_pubtypes
 *(.debug_pubtypes)

.debug_ranges
 *(.debug_ranges)

.debug_macro
 *(.debug_macro)

.gnu.attributes
 *(.gnu.attributes)

/DISCARD/
 *(.note.GNU-stack)
 *(.gnu_debuglink)
 *(.gnu.lto_*)
 *(.gnu_object_only)
OUTPUT(gif elf64-x86-64)
