Archive member included because of file (symbol)

/usr/lib/libc_nonshared.a(elf-init.oS)
                              /usr/lib/gcc/i686-redhat-linux/4.6.3/../../../crt1.o (__libc_csu_init)

Allocating common symbols
Common symbol       size              file

count               0x4               ./obj_dbg/gif_display.o
local_display_mem   0x4               ./obj_dbg/gif_display.o

Discarded input sections

 .note.GNU-stack
                0x0000000000000000        0x0 /usr/lib/gcc/i686-redhat-linux/4.6.3/../../../crt1.o
 .note.GNU-stack
                0x0000000000000000        0x0 /usr/lib/gcc/i686-redhat-linux/4.6.3/../../../crti.o
 .note.GNU-stack
                0x0000000000000000        0x0 /usr/lib/gcc/i686-redhat-linux/4.6.3/crtbegin.o
 .note.GNU-stack
                0x0000000000000000        0x0 ./obj_dbg/gif_display.o
 .note.GNU-stack
                0x0000000000000000        0x0 ./obj_dbg/gif_lzw.o
 .note.GNU-stack
                0x0000000000000000        0x0 ./obj_dbg/gif_read.o
 .note.GNU-stack
                0x0000000000000000        0x0 ./obj_dbg/sysm.o
 .note.GNU-stack
                0x0000000000000000        0x0 ./obj_dbg/x86_main.o
 .group         0x0000000000000000        0x8 /usr/lib/libc_nonshared.a(elf-init.oS)
 .note.GNU-stack
                0x0000000000000000        0x0 /usr/lib/libc_nonshared.a(elf-init.oS)
 .note.GNU-stack
                0x0000000000000000        0x0 /usr/lib/gcc/i686-redhat-linux/4.6.3/crtend.o
 .note.GNU-stack
                0x0000000000000000        0x0 /usr/lib/gcc/i686-redhat-linux/4.6.3/../../../crtn.o

Memory Configuration

Name             Origin             Length             Attributes
*default*        0x0000000000000000 0xffffffffffffffff

Linker script and memory map

LOAD /usr/lib/gcc/i686-redhat-linux/4.6.3/../../../crt1.o
LOAD /usr/lib/gcc/i686-redhat-linux/4.6.3/../../../crti.o
LOAD /usr/lib/gcc/i686-redhat-linux/4.6.3/crtbegin.o
LOAD ./obj_dbg/gif_display.o
LOAD ./obj_dbg/gif_lzw.o
LOAD ./obj_dbg/gif_read.o
LOAD ./obj_dbg/sysm.o
LOAD ./obj_dbg/x86_main.o
LOAD /usr/lib/gcc/i686-redhat-linux/4.6.3/../../../libm.so
LOAD /usr/lib/gcc/i686-redhat-linux/4.6.3/../../../libc.so
START GROUP
LOAD /lib/libc.so.6
LOAD /usr/lib/libc_nonshared.a
LOAD /lib/ld-linux.so.2
END GROUP
LOAD /usr/lib/gcc/i686-redhat-linux/4.6.3/libgcc.a
LOAD /usr/lib/gcc/i686-redhat-linux/4.6.3/libgcc_s.so
LOAD /usr/lib/gcc/i686-redhat-linux/4.6.3/../../../libc.so
START GROUP
LOAD /lib/libc.so.6
LOAD /usr/lib/libc_nonshared.a
LOAD /lib/ld-linux.so.2
END GROUP
LOAD /usr/lib/gcc/i686-redhat-linux/4.6.3/libgcc.a
LOAD /usr/lib/gcc/i686-redhat-linux/4.6.3/libgcc_s.so
LOAD /usr/lib/gcc/i686-redhat-linux/4.6.3/crtend.o
LOAD /usr/lib/gcc/i686-redhat-linux/4.6.3/../../../crtn.o
                0x0000000008048000                PROVIDE (__executable_start, 0x8048000)
                0x0000000008048134                . = (0x8048000 + SIZEOF_HEADERS)

.interp         0x0000000008048134       0x13
 *(.interp)
 .interp        0x0000000008048134       0x13 /usr/lib/gcc/i686-redhat-linux/4.6.3/../../../crt1.o

.note.ABI-tag   0x0000000008048148       0x20
 .note.ABI-tag  0x0000000008048148       0x20 /usr/lib/gcc/i686-redhat-linux/4.6.3/../../../crt1.o

.note.gnu.build-id
                0x0000000008048168       0x24
 *(.note.gnu.build-id)
 .note.gnu.build-id
                0x0000000008048168       0x24 /usr/lib/gcc/i686-redhat-linux/4.6.3/../../../crt1.o

.hash
 *(.hash)

.gnu.hash       0x000000000804818c       0x20
 *(.gnu.hash)
 .gnu.hash      0x000000000804818c       0x20 /usr/lib/gcc/i686-redhat-linux/4.6.3/../../../crt1.o

.dynsym         0x00000000080481ac      0x180
 *(.dynsym)
 .dynsym        0x00000000080481ac      0x180 /usr/lib/gcc/i686-redhat-linux/4.6.3/../../../crt1.o

.dynstr         0x000000000804832c       0xdf
 *(.dynstr)
 .dynstr        0x000000000804832c       0xdf /usr/lib/gcc/i686-redhat-linux/4.6.3/../../../crt1.o

.gnu.version    0x000000000804840c       0x30
 *(.gnu.version)
 .gnu.version   0x000000000804840c       0x30 /usr/lib/gcc/i686-redhat-linux/4.6.3/../../../crt1.o

.gnu.version_d  0x000000000804843c        0x0
 *(.gnu.version_d)
 .gnu.version_d
                0x0000000000000000        0x0 /usr/lib/gcc/i686-redhat-linux/4.6.3/../../../crt1.o

.gnu.version_r  0x000000000804843c       0x50
 *(.gnu.version_r)
 .gnu.version_r
                0x000000000804843c       0x50 /usr/lib/gcc/i686-redhat-linux/4.6.3/../../../crt1.o

.rel.dyn        0x000000000804848c        0x8
 *(.rel.init)
 *(.rel.text .rel.text.* .rel.gnu.linkonce.t.*)
 .rel.text      0x0000000000000000        0x0 /usr/lib/gcc/i686-redhat-linux/4.6.3/../../../crt1.o
 *(.rel.fini)
 *(.rel.rodata .rel.rodata.* .rel.gnu.linkonce.r.*)
 *(.rel.data.rel.ro* .rel.gnu.linkonce.d.rel.ro.*)
 *(.rel.data .rel.data.* .rel.gnu.linkonce.d.*)
 *(.rel.tdata .rel.tdata.* .rel.gnu.linkonce.td.*)
 *(.rel.tbss .rel.tbss.* .rel.gnu.linkonce.tb.*)
 *(.rel.ctors)
 *(.rel.dtors)
 *(.rel.got)
 .rel.got       0x000000000804848c        0x8 /usr/lib/gcc/i686-redhat-linux/4.6.3/../../../crt1.o
 *(.rel.sharable_data .rel.sharable_data.* .rel.gnu.linkonce.shrd.*)
 *(.rel.sharable_bss .rel.sharable_bss.* .rel.gnu.linkonce.shrb.*)
 .rel.sharable_bss
                0x0000000000000000        0x0 /usr/lib/gcc/i686-redhat-linux/4.6.3/../../../crt1.o
 *(.rel.bss .rel.bss.* .rel.gnu.linkonce.b.*)
 .rel.bss       0x0000000000000000        0x0 /usr/lib/gcc/i686-redhat-linux/4.6.3/../../../crt1.o
 *(.rel.ifunc)

.rel.plt        0x0000000008048494       0xa8
 *(.rel.plt)
 .rel.plt       0x0000000008048494       0xa8 /usr/lib/gcc/i686-redhat-linux/4.6.3/../../../crt1.o
                0x000000000804853c                PROVIDE (__rel_iplt_start, .)
 *(.rel.iplt)
 .rel.iplt      0x0000000000000000        0x0 /usr/lib/gcc/i686-redhat-linux/4.6.3/../../../crt1.o
                0x000000000804853c                PROVIDE (__rel_iplt_end, .)

.init           0x000000000804853c       0x2e
 *(.init)
 .init          0x000000000804853c       0x1f /usr/lib/gcc/i686-redhat-linux/4.6.3/../../../crti.o
                0x000000000804853c                _init
 .init          0x000000000804855b        0x5 /usr/lib/gcc/i686-redhat-linux/4.6.3/crtbegin.o
 .init          0x0000000008048560        0x5 /usr/lib/gcc/i686-redhat-linux/4.6.3/crtend.o
 .init          0x0000000008048565        0x5 /usr/lib/gcc/i686-redhat-linux/4.6.3/../../../crtn.o

.plt            0x0000000008048570      0x160
 *(.plt)
 .plt           0x0000000008048570      0x160 /usr/lib/gcc/i686-redhat-linux/4.6.3/../../../crt1.o
                0x0000000008048580                printf@@GLIBC_2.0
                0x0000000008048590                free@@GLIBC_2.0
                0x00000000080485a0                memcpy@@GLIBC_2.0
                0x00000000080485b0                fclose@@GLIBC_2.1
                0x00000000080485c0                pow@@GLIBC_2.0
                0x00000000080485d0                ioctl@@GLIBC_2.0
                0x00000000080485e0                perror@@GLIBC_2.0
                0x00000000080485f0                usleep@@GLIBC_2.0
                0x0000000008048600                fread@@GLIBC_2.0
                0x0000000008048610                strcpy@@GLIBC_2.0
                0x0000000008048620                realloc@@GLIBC_2.0
                0x0000000008048630                malloc@@GLIBC_2.0
                0x0000000008048640                puts@@GLIBC_2.0
                0x0000000008048660                exit@@GLIBC_2.0
                0x0000000008048670                open@@GLIBC_2.0
                0x0000000008048680                mmap@@GLIBC_2.0
                0x0000000008048690                __libc_start_main@@GLIBC_2.0
                0x00000000080486a0                fopen@@GLIBC_2.1
                0x00000000080486b0                memset@@GLIBC_2.0
                0x00000000080486c0                atoi@@GLIBC_2.0
 *(.iplt)
 .iplt          0x0000000000000000        0x0 /usr/lib/gcc/i686-redhat-linux/4.6.3/../../../crt1.o

.text           0x00000000080486d0     0x23ac
 *(.text.unlikely .text.*_unlikely)
 *(.text.exit .text.exit.*)
 *(.text.startup .text.startup.*)
 *(.text.hot .text.hot.*)
 *(.text .stub .text.* .gnu.linkonce.t.*)
 .text          0x00000000080486d0       0x24 /usr/lib/gcc/i686-redhat-linux/4.6.3/../../../crt1.o
                0x00000000080486d0                _start
 .text          0x00000000080486f4        0x0 /usr/lib/gcc/i686-redhat-linux/4.6.3/../../../crti.o
 *fill*         0x00000000080486f4        0xc 90909090
 .text          0x0000000008048700       0x84 /usr/lib/gcc/i686-redhat-linux/4.6.3/crtbegin.o
 .text          0x0000000008048784      0x51d ./obj_dbg/gif_display.o
                0x0000000008048784                display_init
                0x0000000008048938                Display
 *fill*         0x0000000008048ca1        0x3 90909090
 .text          0x0000000008048ca4      0x882 ./obj_dbg/gif_lzw.o
                0x0000000008048ca4                Lzw_Decode
 *fill*         0x0000000008049526        0x2 90909090
 .text          0x0000000008049528     0x144d ./obj_dbg/gif_read.o
                0x0000000008049528                Gif_Read
 *fill*         0x000000000804a975        0x3 90909090
 .text          0x000000000804a978       0x13 ./obj_dbg/sysm.o
                0x000000000804a978                create_memory
 *fill*         0x000000000804a98b        0x1 90909090
 .text          0x000000000804a98c       0x3f ./obj_dbg/x86_main.o
                0x000000000804a98c                main
 *fill*         0x000000000804a9cb        0x5 90909090
 .text          0x000000000804a9d0       0x72 /usr/lib/libc_nonshared.a(elf-init.oS)
                0x000000000804a9d0                __libc_csu_init
                0x000000000804aa40                __libc_csu_fini
 .text.__i686.get_pc_thunk.bx
                0x000000000804aa42        0x4 /usr/lib/libc_nonshared.a(elf-init.oS)
                0x000000000804aa42                __i686.get_pc_thunk.bx
 *fill*         0x000000000804aa46        0xa 90909090
 .text          0x000000000804aa50       0x2b /usr/lib/gcc/i686-redhat-linux/4.6.3/crtend.o
 *fill*         0x000000000804aa7b        0x1 90909090
 .text          0x000000000804aa7c        0x0 /usr/lib/gcc/i686-redhat-linux/4.6.3/../../../crtn.o
 *(.gnu.warning)

.fini           0x000000000804aa7c       0x1a
 *(.fini)
 .fini          0x000000000804aa7c       0x10 /usr/lib/gcc/i686-redhat-linux/4.6.3/../../../crti.o
                0x000000000804aa7c                _fini
 .fini          0x000000000804aa8c        0x5 /usr/lib/gcc/i686-redhat-linux/4.6.3/crtbegin.o
 .fini          0x000000000804aa91        0x5 /usr/lib/gcc/i686-redhat-linux/4.6.3/../../../crtn.o
                0x000000000804aa96                PROVIDE (__etext, .)
                0x000000000804aa96                PROVIDE (_etext, .)
                0x000000000804aa96                PROVIDE (etext, .)

.rodata         0x000000000804aa98      0x4e5
 *(.rodata .rodata.* .gnu.linkonce.r.*)
 .rodata        0x000000000804aa98        0x4 /usr/lib/gcc/i686-redhat-linux/4.6.3/../../../crt1.o
                0x000000000804aa98                _fp_hw
 .rodata.cst4   0x000000000804aa9c        0x4 /usr/lib/gcc/i686-redhat-linux/4.6.3/../../../crt1.o
                0x000000000804aa9c                _IO_stdin_used
 .rodata        0x000000000804aaa0        0x4 /usr/lib/gcc/i686-redhat-linux/4.6.3/crtbegin.o
                0x000000000804aaa0                __dso_handle
 .rodata        0x000000000804aaa4      0x21c ./obj_dbg/gif_display.o
 .rodata        0x000000000804acc0       0x8d ./obj_dbg/gif_lzw.o
 *fill*         0x000000000804ad4d        0x3 00
 .rodata        0x000000000804ad50      0x1f0 ./obj_dbg/gif_read.o
 .rodata        0x000000000804af40       0x3d ./obj_dbg/x86_main.o

.rodata1
 *(.rodata1)

.eh_frame_hdr   0x000000000804af80       0xc4
 *(.eh_frame_hdr)
 .eh_frame_hdr  0x000000000804af80       0xc4 /usr/lib/gcc/i686-redhat-linux/4.6.3/../../../crt1.o

.eh_frame       0x000000000804b044      0x340
 *(.eh_frame)
 .eh_frame      0x000000000804b044       0x3c /usr/lib/gcc/i686-redhat-linux/4.6.3/../../../crt1.o
                                         0x40 (size before relaxing)
 .eh_frame      0x000000000804b080       0x88 ./obj_dbg/gif_display.o
                                         0xa0 (size before relaxing)
 .eh_frame      0x000000000804b108       0xb8 ./obj_dbg/gif_lzw.o
                                         0xd0 (size before relaxing)
 .eh_frame      0x000000000804b1c0      0x11c ./obj_dbg/gif_read.o
                                        0x134 (size before relaxing)
 .eh_frame      0x000000000804b2dc       0x20 ./obj_dbg/sysm.o
                                         0x38 (size before relaxing)
 .eh_frame      0x000000000804b2fc       0x20 ./obj_dbg/x86_main.o
                                         0x38 (size before relaxing)
 .eh_frame      0x000000000804b31c       0x64 /usr/lib/libc_nonshared.a(elf-init.oS)
                                         0x7c (size before relaxing)
 .eh_frame      0x000000000804b380        0x4 /usr/lib/gcc/i686-redhat-linux/4.6.3/crtend.o

.gcc_except_table
 *(.gcc_except_table .gcc_except_table.*)

.exception_ranges
 *(.exception_ranges .exception_ranges*)
                0x000000000804b384                . = (ALIGN (0x1000) - ((0x1000 - .) & 0xfff))
                0x000000000804c384                . = DATA_SEGMENT_ALIGN (0x1000, 0x1000)

.eh_frame
 *(.eh_frame)

.gcc_except_table
 *(.gcc_except_table .gcc_except_table.*)

.exception_ranges
 *(.exception_ranges .exception_ranges*)

.tdata
 *(.tdata .tdata.* .gnu.linkonce.td.*)

.tbss
 *(.tbss .tbss.* .gnu.linkonce.tb.*)
 *(.tcommon)

.preinit_array  0x000000000804c384        0x0
                0x000000000804c384                PROVIDE (__preinit_array_start, .)
 *(.preinit_array)
                0x000000000804c384                PROVIDE (__preinit_array_end, .)

.init_array     0x000000000804c384        0x0
                0x000000000804c384                PROVIDE (__init_array_start, .)
 *(SORT(.init_array.*) SORT(.ctors.*))
 *(.init_array)
 *(EXCLUDE_FILE(*crtend?.o *crtend.o *crtbegin?.o *crtbegin.o) .ctors)
                0x000000000804c384                PROVIDE (__init_array_end, .)

.fini_array     0x000000000804c384        0x0
                0x000000000804c384                PROVIDE (__fini_array_start, .)
 *(SORT(.fini_array.*) SORT(.dtors.*))
 *(.fini_array)
 *(EXCLUDE_FILE(*crtend?.o *crtend.o *crtbegin?.o *crtbegin.o) .dtors)
                0x000000000804c384                PROVIDE (__fini_array_end, .)

.ctors          0x000000000804c384        0x8
 *crtbegin.o(.ctors)
 .ctors         0x000000000804c384        0x4 /usr/lib/gcc/i686-redhat-linux/4.6.3/crtbegin.o
 *crtbegin?.o(.ctors)
 *(EXCLUDE_FILE(*crtend?.o *crtend.o) .ctors)
 *(SORT(.ctors.*))
 *(.ctors)
 .ctors         0x000000000804c388        0x4 /usr/lib/gcc/i686-redhat-linux/4.6.3/crtend.o

.dtors          0x000000000804c38c        0x8
 *crtbegin.o(.dtors)
 .dtors         0x000000000804c38c        0x4 /usr/lib/gcc/i686-redhat-linux/4.6.3/crtbegin.o
 *crtbegin?.o(.dtors)
 *(EXCLUDE_FILE(*crtend?.o *crtend.o) .dtors)
 *(SORT(.dtors.*))
 *(.dtors)
 .dtors         0x000000000804c390        0x4 /usr/lib/gcc/i686-redhat-linux/4.6.3/crtend.o
                0x000000000804c390                __DTOR_END__

.jcr            0x000000000804c394        0x4
 *(.jcr)
 .jcr           0x000000000804c394        0x0 /usr/lib/gcc/i686-redhat-linux/4.6.3/crtbegin.o
 .jcr           0x000000000804c394        0x4 /usr/lib/gcc/i686-redhat-linux/4.6.3/crtend.o

.data.rel.ro
 *(.data.rel.ro.local* .gnu.linkonce.d.rel.ro.local.*)
 *(.data.rel.ro* .gnu.linkonce.d.rel.ro.*)

.dynamic        0x000000000804c398       0xd8
 *(.dynamic)
 .dynamic       0x000000000804c398       0xd8 /usr/lib/gcc/i686-redhat-linux/4.6.3/../../../crt1.o
                0x000000000804c398                _DYNAMIC

.got            0x000000000804c470        0x4
 *(.got)
 .got           0x000000000804c470        0x4 /usr/lib/gcc/i686-redhat-linux/4.6.3/../../../crt1.o
 *(.igot)
                0x000000000804c474                . = DATA_SEGMENT_RELRO_END (., 0xc)

.got.plt        0x000000000804c474       0x60
 *(.got.plt)
 .got.plt       0x000000000804c474       0x60 /usr/lib/gcc/i686-redhat-linux/4.6.3/../../../crt1.o
                0x000000000804c474                _GLOBAL_OFFSET_TABLE_
 *(.igot.plt)
 .igot.plt      0x0000000000000000        0x0 /usr/lib/gcc/i686-redhat-linux/4.6.3/../../../crt1.o

.data           0x000000000804c4d4        0x4
 *(.data .data.* .gnu.linkonce.d.*)
 .data          0x000000000804c4d4        0x4 /usr/lib/gcc/i686-redhat-linux/4.6.3/../../../crt1.o
                0x000000000804c4d4                data_start
                0x000000000804c4d4                __data_start
 .data          0x000000000804c4d8        0x0 /usr/lib/gcc/i686-redhat-linux/4.6.3/../../../crti.o
 .data          0x000000000804c4d8        0x0 /usr/lib/gcc/i686-redhat-linux/4.6.3/crtbegin.o
 .data          0x000000000804c4d8        0x0 ./obj_dbg/gif_display.o
 .data          0x000000000804c4d8        0x0 ./obj_dbg/gif_lzw.o
 .data          0x000000000804c4d8        0x0 ./obj_dbg/gif_read.o
 .data          0x000000000804c4d8        0x0 ./obj_dbg/sysm.o
 .data          0x000000000804c4d8        0x0 ./obj_dbg/x86_main.o
 .data          0x000000000804c4d8        0x0 /usr/lib/libc_nonshared.a(elf-init.oS)
 .data          0x000000000804c4d8        0x0 /usr/lib/gcc/i686-redhat-linux/4.6.3/crtend.o
 .data          0x000000000804c4d8        0x0 /usr/lib/gcc/i686-redhat-linux/4.6.3/../../../crtn.o

.data1
 *(.data1)

.sharable_data  0x000000000804d000        0x0
                0x000000000804d000                PROVIDE (__sharable_data_start, .)
 *(.sharable_data .sharable_data.* .gnu.linkonce.shrd.*)
                0x000000000804d000                . = ALIGN ((. != 0x0)?0x1000:0x1)
                0x000000000804d000                PROVIDE (__sharable_data_end, .)
                0x000000000804d000                _edata = .
                0x000000000804d000                PROVIDE (edata, .)
                0x000000000804d000                __bss_start = .

.bss            0x000000000804c4e0      0x164
 *(.dynbss)
 .dynbss        0x0000000000000000        0x0 /usr/lib/gcc/i686-redhat-linux/4.6.3/../../../crt1.o
 *(.bss .bss.* .gnu.linkonce.b.*)
 .bss           0x000000000804c4e0        0x0 /usr/lib/gcc/i686-redhat-linux/4.6.3/../../../crt1.o
 .bss           0x000000000804c4e0        0x0 /usr/lib/gcc/i686-redhat-linux/4.6.3/../../../crti.o
 .bss           0x000000000804c4e0        0x8 /usr/lib/gcc/i686-redhat-linux/4.6.3/crtbegin.o
 *fill*         0x000000000804c4e8       0x18 00
 .bss           0x000000000804c500      0x118 ./obj_dbg/gif_display.o
 .bss           0x000000000804c618       0x20 ./obj_dbg/gif_lzw.o
 .bss           0x000000000804c638        0x4 ./obj_dbg/gif_read.o
 .bss           0x000000000804c63c        0x0 ./obj_dbg/sysm.o
 .bss           0x000000000804c63c        0x0 ./obj_dbg/x86_main.o
 .bss           0x000000000804c63c        0x0 /usr/lib/libc_nonshared.a(elf-init.oS)
 .bss           0x000000000804c63c        0x0 /usr/lib/gcc/i686-redhat-linux/4.6.3/crtend.o
 .bss           0x000000000804c63c        0x0 /usr/lib/gcc/i686-redhat-linux/4.6.3/../../../crtn.o
 *(COMMON)
 COMMON         0x000000000804c63c        0x8 ./obj_dbg/gif_display.o
                0x000000000804c63c                count
                0x000000000804c640                local_display_mem
                0x000000000804c644                . = ALIGN ((. != 0x0)?0x4:0x1)

.sharable_bss   0x000000000804d000        0x0
                0x000000000804d000                PROVIDE (__sharable_bss_start, .)
 *(.dynsharablebss)
 .dynsharablebss
                0x0000000000000000        0x0 /usr/lib/gcc/i686-redhat-linux/4.6.3/../../../crt1.o
 *(.sharable_bss .sharable_bss.* .gnu.linkonce.shrb.*)
 *(SHARABLE_COMMON)
                0x000000000804d000                . = ALIGN ((. != 0x0)?0x1000:0x1)
                0x000000000804d000                PROVIDE (__sharable_bss_end, .)
                0x000000000804d000                . = ALIGN (0x4)
                0x000000000804d000                . = ALIGN (0x4)
                0x000000000804d000                _end = .
                0x000000000804d000                PROVIDE (end, .)
                0x000000000804d000                . = DATA_SEGMENT_END (.)

.stab
 *(.stab)

.stabstr
 *(.stabstr)

.stab.excl
 *(.stab.excl)

.stab.exclstr
 *(.stab.exclstr)

.stab.index
 *(.stab.index)

.stab.indexstr
 *(.stab.indexstr)

.comment        0x0000000000000000       0x2c
 *(.comment)
 .comment       0x0000000000000000       0x2c /usr/lib/gcc/i686-redhat-linux/4.6.3/../../../crt1.o
                                         0x2d (size before relaxing)
 .comment       0x0000000000000000       0x2d /usr/lib/gcc/i686-redhat-linux/4.6.3/../../../crti.o
 .comment       0x0000000000000000       0x2d /usr/lib/gcc/i686-redhat-linux/4.6.3/crtbegin.o
 .comment       0x0000000000000000       0x2d ./obj_dbg/gif_display.o
 .comment       0x0000000000000000       0x2d ./obj_dbg/gif_lzw.o
 .comment       0x0000000000000000       0x2d ./obj_dbg/gif_read.o
 .comment       0x0000000000000000       0x2d ./obj_dbg/sysm.o
 .comment       0x0000000000000000       0x2d ./obj_dbg/x86_main.o
 .comment       0x0000000000000000       0x2d /usr/lib/libc_nonshared.a(elf-init.oS)
 .comment       0x0000000000000000       0x2d /usr/lib/gcc/i686-redhat-linux/4.6.3/crtend.o
 .comment       0x0000000000000000       0x2d /usr/lib/gcc/i686-redhat-linux/4.6.3/../../../crtn.o

.debug
 *(.debug)

.line
 *(.line)

.debug_srcinfo
 *(.debug_srcinfo)

.debug_sfnames
 *(.debug_sfnames)

.debug_aranges  0x0000000000000000       0xa0
 *(.debug_aranges)
 .debug_aranges
                0x0000000000000000       0x20 ./obj_dbg/gif_display.o
 .debug_aranges
                0x0000000000000020       0x20 ./obj_dbg/gif_lzw.o
 .debug_aranges
                0x0000000000000040       0x20 ./obj_dbg/gif_read.o
 .debug_aranges
                0x0000000000000060       0x20 ./obj_dbg/sysm.o
 .debug_aranges
                0x0000000000000080       0x20 ./obj_dbg/x86_main.o

.debug_pubnames
 *(.debug_pubnames)

.debug_info     0x0000000000000000     0x1755
 *(.debug_info .gnu.linkonce.wi.*)
 .debug_info    0x0000000000000000      0x6c4 ./obj_dbg/gif_display.o
 .debug_info    0x00000000000006c4      0x48a ./obj_dbg/gif_lzw.o
 .debug_info    0x0000000000000b4e      0xa55 ./obj_dbg/gif_read.o
 .debug_info    0x00000000000015a3       0xa7 ./obj_dbg/sysm.o
 .debug_info    0x000000000000164a      0x10b ./obj_dbg/x86_main.o

.debug_abbrev   0x0000000000000000      0x5a2
 *(.debug_abbrev)
 .debug_abbrev  0x0000000000000000      0x16c ./obj_dbg/gif_display.o
 .debug_abbrev  0x000000000000016c      0x1a2 ./obj_dbg/gif_lzw.o
 .debug_abbrev  0x000000000000030e      0x18d ./obj_dbg/gif_read.o
 .debug_abbrev  0x000000000000049b       0x5a ./obj_dbg/sysm.o
 .debug_abbrev  0x00000000000004f5       0xad ./obj_dbg/x86_main.o

.debug_line     0x0000000000000000      0x5e9
 *(.debug_line)
 .debug_line    0x0000000000000000      0x148 ./obj_dbg/gif_display.o
 .debug_line    0x0000000000000148      0x189 ./obj_dbg/gif_lzw.o
 .debug_line    0x00000000000002d1      0x297 ./obj_dbg/gif_read.o
 .debug_line    0x0000000000000568       0x3c ./obj_dbg/sysm.o
 .debug_line    0x00000000000005a4       0x45 ./obj_dbg/x86_main.o

.debug_frame
 *(.debug_frame)

.debug_str      0x0000000000000000      0xa85
 *(.debug_str)
 .debug_str     0x0000000000000000      0x4c6 ./obj_dbg/gif_display.o
                                        0x52f (size before relaxing)
 .debug_str     0x00000000000004c6      0x16c ./obj_dbg/gif_lzw.o
                                        0x359 (size before relaxing)
 .debug_str     0x0000000000000632      0x41c ./obj_dbg/gif_read.o
                                        0x74c (size before relaxing)
 .debug_str     0x0000000000000a4e       0x19 ./obj_dbg/sysm.o
                                        0x13f (size before relaxing)
 .debug_str     0x0000000000000a67       0x1e ./obj_dbg/x86_main.o
                                        0x15e (size before relaxing)

.debug_loc
 *(.debug_loc)

.debug_macinfo
 *(.debug_macinfo)

.debug_weaknames
 *(.debug_weaknames)

.debug_funcnames
 *(.debug_funcnames)

.debug_typenames
 *(.debug_typenames)

.debug_varnames
 *(.debug_varnames)

.debug_pubtypes
 *(.debug_pubtypes)

.debug_ranges
 *(.debug_ranges)

.gnu.attributes
 *(.gnu.attributes)

/DISCARD/
 *(.note.GNU-stack)
 *(.gnu_debuglink)
 *(.gnu.lto_*)
 *(.gnu_object_only)
OUTPUT(gif_dbg elf32-i386)
